@@ -0,0 +1,4 @@
+MissingRecordParamsTest.java:12: warning: no @param for x
+public record MissingRecordParamsTest(int x) {  }
+       ^
+1 warning